<?xml version="1.0" encoding="ISO-8859-1" ?>
<link_info>
   <banner>TMS320C2000 Linker PC v21.6.0.LTS</banner>
   <copyright>Copyright (c) 1996-2018 Texas Instruments Incorporated</copyright>
   <link_time>0x62e99739</link_time>
   <link_errors>0x0</link_errors>
   <output_file>ME461_PWMF28027.out</output_file>
   <entry_point>
      <name>_c_int00</name>
      <address>0x3f6dbf</address>
   </entry_point>
   <input_file_list>
      <input_file id="fl-2">
         <path>.\</path>
         <kind>object</kind>
         <file>F2802x_GlobalVariableDefs.obj</file>
         <name>F2802x_GlobalVariableDefs.obj</name>
      </input_file>
      <input_file id="fl-3">
         <path>.\</path>
         <kind>object</kind>
         <file>ME461PWM_main.obj</file>
         <name>ME461PWM_main.obj</name>
      </input_file>
      <input_file id="fl-4">
         <path>.\</path>
         <kind>object</kind>
         <file>f28027Serial.obj</file>
         <name>f28027Serial.obj</name>
      </input_file>
      <input_file id="fl-5">
         <path>.\</path>
         <kind>object</kind>
         <file>f2802x_adc.obj</file>
         <name>f2802x_adc.obj</name>
      </input_file>
      <input_file id="fl-6">
         <path>.\</path>
         <kind>object</kind>
         <file>f2802x_codestartbranch.obj</file>
         <name>f2802x_codestartbranch.obj</name>
      </input_file>
      <input_file id="fl-7">
         <path>.\</path>
         <kind>object</kind>
         <file>f2802x_cputimers.obj</file>
         <name>f2802x_cputimers.obj</name>
      </input_file>
      <input_file id="fl-8">
         <path>.\</path>
         <kind>object</kind>
         <file>f2802x_defaultisr.obj</file>
         <name>f2802x_defaultisr.obj</name>
      </input_file>
      <input_file id="fl-9">
         <path>.\</path>
         <kind>object</kind>
         <file>f2802x_epwm.obj</file>
         <name>f2802x_epwm.obj</name>
      </input_file>
      <input_file id="fl-a">
         <path>.\</path>
         <kind>object</kind>
         <file>f2802x_gpio.obj</file>
         <name>f2802x_gpio.obj</name>
      </input_file>
      <input_file id="fl-b">
         <path>.\</path>
         <kind>object</kind>
         <file>f2802x_piectrl.obj</file>
         <name>f2802x_piectrl.obj</name>
      </input_file>
      <input_file id="fl-c">
         <path>.\</path>
         <kind>object</kind>
         <file>f2802x_pievect.obj</file>
         <name>f2802x_pievect.obj</name>
      </input_file>
      <input_file id="fl-d">
         <path>.\</path>
         <kind>object</kind>
         <file>f2802x_sci.obj</file>
         <name>f2802x_sci.obj</name>
      </input_file>
      <input_file id="fl-e">
         <path>.\</path>
         <kind>object</kind>
         <file>f2802x_spi.obj</file>
         <name>f2802x_spi.obj</name>
      </input_file>
      <input_file id="fl-f">
         <path>.\</path>
         <kind>object</kind>
         <file>f2802x_sysctrl.obj</file>
         <name>f2802x_sysctrl.obj</name>
      </input_file>
      <input_file id="fl-10">
         <path>.\</path>
         <kind>object</kind>
         <file>f2802x_usdelay.obj</file>
         <name>f2802x_usdelay.obj</name>
      </input_file>
      <input_file id="fl-15">
         <kind>object</kind>
         <file>&lt;internal&gt;</file>
         <name>&lt;internal&gt;</name>
      </input_file>
      <input_file id="fl-21">
         <path>C:\ti\ccs1120\ccs\tools\compiler\ti-cgt-c2000_21.6.0.LTS\lib\</path>
         <kind>archive</kind>
         <file>rts2800_ml.lib</file>
         <name>vsprintf.c.obj</name>
      </input_file>
      <input_file id="fl-22">
         <path>C:\ti\ccs1120\ccs\tools\compiler\ti-cgt-c2000_21.6.0.LTS\lib\</path>
         <kind>archive</kind>
         <file>rts2800_ml.lib</file>
         <name>boot28.asm.obj</name>
      </input_file>
      <input_file id="fl-23">
         <path>C:\ti\ccs1120\ccs\tools\compiler\ti-cgt-c2000_21.6.0.LTS\lib\</path>
         <kind>archive</kind>
         <file>rts2800_ml.lib</file>
         <name>fs_mpy28.asm.obj</name>
      </input_file>
      <input_file id="fl-24">
         <path>C:\ti\ccs1120\ccs\tools\compiler\ti-cgt-c2000_21.6.0.LTS\lib\</path>
         <kind>archive</kind>
         <file>rts2800_ml.lib</file>
         <name>fs_tol28.asm.obj</name>
      </input_file>
      <input_file id="fl-25">
         <path>C:\ti\ccs1120\ccs\tools\compiler\ti-cgt-c2000_21.6.0.LTS\lib\</path>
         <kind>archive</kind>
         <file>rts2800_ml.lib</file>
         <name>u_div28.asm.obj</name>
      </input_file>
      <input_file id="fl-26">
         <path>C:\ti\ccs1120\ccs\tools\compiler\ti-cgt-c2000_21.6.0.LTS\lib\</path>
         <kind>archive</kind>
         <file>rts2800_ml.lib</file>
         <name>l_div28.asm.obj</name>
      </input_file>
      <input_file id="fl-27">
         <path>C:\ti\ccs1120\ccs\tools\compiler\ti-cgt-c2000_21.6.0.LTS\lib\</path>
         <kind>archive</kind>
         <file>rts2800_ml.lib</file>
         <name>cpy_tbl.c.obj</name>
      </input_file>
      <input_file id="fl-28">
         <path>C:\ti\ccs1120\ccs\tools\compiler\ti-cgt-c2000_21.6.0.LTS\lib\</path>
         <kind>archive</kind>
         <file>rts2800_ml.lib</file>
         <name>memcpy.c.obj</name>
      </input_file>
      <input_file id="fl-29">
         <path>C:\ti\ccs1120\ccs\tools\compiler\ti-cgt-c2000_21.6.0.LTS\lib\</path>
         <kind>archive</kind>
         <file>rts2800_ml.lib</file>
         <name>pre_init.c.obj</name>
      </input_file>
      <input_file id="fl-2a">
         <path>C:\ti\ccs1120\ccs\tools\compiler\ti-cgt-c2000_21.6.0.LTS\lib\</path>
         <kind>archive</kind>
         <file>rts2800_ml.lib</file>
         <name>startup.c.obj</name>
      </input_file>
      <input_file id="fl-2b">
         <path>C:\ti\ccs1120\ccs\tools\compiler\ti-cgt-c2000_21.6.0.LTS\lib\</path>
         <kind>archive</kind>
         <file>rts2800_ml.lib</file>
         <name>exit.c.obj</name>
      </input_file>
      <input_file id="fl-2c">
         <path>C:\ti\ccs1120\ccs\tools\compiler\ti-cgt-c2000_21.6.0.LTS\lib\</path>
         <kind>archive</kind>
         <file>rts2800_ml.lib</file>
         <name>_lock.c.obj</name>
      </input_file>
      <input_file id="fl-2d">
         <path>C:\ti\ccs1120\ccs\tools\compiler\ti-cgt-c2000_21.6.0.LTS\lib\</path>
         <kind>archive</kind>
         <file>rts2800_ml.lib</file>
         <name>args_main.c.obj</name>
      </input_file>
      <input_file id="fl-2e">
         <path>C:\ti\ccs1120\ccs\tools\compiler\ti-cgt-c2000_21.6.0.LTS\lib\</path>
         <kind>archive</kind>
         <file>rts2800_ml.lib</file>
         <name>strlen.c.obj</name>
      </input_file>
      <input_file id="fl-2f">
         <path>C:\ti\ccs1120\ccs\tools\compiler\ti-cgt-c2000_21.6.0.LTS\lib\</path>
         <kind>archive</kind>
         <file>rts2800_ml.lib</file>
         <name>_printfi.c.obj</name>
      </input_file>
      <input_file id="fl-30">
         <path>C:\ti\ccs1120\ccs\tools\compiler\ti-cgt-c2000_21.6.0.LTS\lib\</path>
         <kind>archive</kind>
         <file>rts2800_ml.lib</file>
         <name>s_frexp.c.obj</name>
      </input_file>
      <input_file id="fl-31">
         <path>C:\ti\ccs1120\ccs\tools\compiler\ti-cgt-c2000_21.6.0.LTS\lib\</path>
         <kind>archive</kind>
         <file>rts2800_ml.lib</file>
         <name>s_scalbn.c.obj</name>
      </input_file>
      <input_file id="fl-32">
         <path>C:\ti\ccs1120\ccs\tools\compiler\ti-cgt-c2000_21.6.0.LTS\lib\</path>
         <kind>archive</kind>
         <file>rts2800_ml.lib</file>
         <name>fd_add28.asm.obj</name>
      </input_file>
      <input_file id="fl-33">
         <path>C:\ti\ccs1120\ccs\tools\compiler\ti-cgt-c2000_21.6.0.LTS\lib\</path>
         <kind>archive</kind>
         <file>rts2800_ml.lib</file>
         <name>fd_cmp28.asm.obj</name>
      </input_file>
      <input_file id="fl-34">
         <path>C:\ti\ccs1120\ccs\tools\compiler\ti-cgt-c2000_21.6.0.LTS\lib\</path>
         <kind>archive</kind>
         <file>rts2800_ml.lib</file>
         <name>fd_mpy28.asm.obj</name>
      </input_file>
      <input_file id="fl-35">
         <path>C:\ti\ccs1120\ccs\tools\compiler\ti-cgt-c2000_21.6.0.LTS\lib\</path>
         <kind>archive</kind>
         <file>rts2800_ml.lib</file>
         <name>fd_neg28.asm.obj</name>
      </input_file>
      <input_file id="fl-36">
         <path>C:\ti\ccs1120\ccs\tools\compiler\ti-cgt-c2000_21.6.0.LTS\lib\</path>
         <kind>archive</kind>
         <file>rts2800_ml.lib</file>
         <name>fd_sub28.asm.obj</name>
      </input_file>
      <input_file id="fl-37">
         <path>C:\ti\ccs1120\ccs\tools\compiler\ti-cgt-c2000_21.6.0.LTS\lib\</path>
         <kind>archive</kind>
         <file>rts2800_ml.lib</file>
         <name>fd_toi28.asm.obj</name>
      </input_file>
      <input_file id="fl-38">
         <path>C:\ti\ccs1120\ccs\tools\compiler\ti-cgt-c2000_21.6.0.LTS\lib\</path>
         <kind>archive</kind>
         <file>rts2800_ml.lib</file>
         <name>fd_tol28.asm.obj</name>
      </input_file>
      <input_file id="fl-39">
         <path>C:\ti\ccs1120\ccs\tools\compiler\ti-cgt-c2000_21.6.0.LTS\lib\</path>
         <kind>archive</kind>
         <file>rts2800_ml.lib</file>
         <name>ll_aox28.asm.obj</name>
      </input_file>
      <input_file id="fl-3a">
         <path>C:\ti\ccs1120\ccs\tools\compiler\ti-cgt-c2000_21.6.0.LTS\lib\</path>
         <kind>archive</kind>
         <file>rts2800_ml.lib</file>
         <name>ll_cmp28.asm.obj</name>
      </input_file>
      <input_file id="fl-3b">
         <path>C:\ti\ccs1120\ccs\tools\compiler\ti-cgt-c2000_21.6.0.LTS\lib\</path>
         <kind>archive</kind>
         <file>rts2800_ml.lib</file>
         <name>ll_div28.asm.obj</name>
      </input_file>
      <input_file id="fl-3c">
         <path>C:\ti\ccs1120\ccs\tools\compiler\ti-cgt-c2000_21.6.0.LTS\lib\</path>
         <kind>archive</kind>
         <file>rts2800_ml.lib</file>
         <name>i_tofd28.asm.obj</name>
      </input_file>
      <input_file id="fl-3d">
         <path>C:\ti\ccs1120\ccs\tools\compiler\ti-cgt-c2000_21.6.0.LTS\lib\</path>
         <kind>archive</kind>
         <file>rts2800_ml.lib</file>
         <name>l_tofd28.asm.obj</name>
      </input_file>
      <input_file id="fl-3e">
         <path>C:\ti\ccs1120\ccs\tools\compiler\ti-cgt-c2000_21.6.0.LTS\lib\</path>
         <kind>archive</kind>
         <file>rts2800_ml.lib</file>
         <name>fs_tofd28.asm.obj</name>
      </input_file>
      <input_file id="fl-3f">
         <path>C:\ti\ccs1120\ccs\tools\compiler\ti-cgt-c2000_21.6.0.LTS\lib\</path>
         <kind>archive</kind>
         <file>rts2800_ml.lib</file>
         <name>fd_div28.asm.obj</name>
      </input_file>
      <input_file id="fl-40">
         <path>C:\ti\ccs1120\ccs\tools\compiler\ti-cgt-c2000_21.6.0.LTS\lib\</path>
         <kind>archive</kind>
         <file>rts2800_ml.lib</file>
         <name>_ltoa.c.obj</name>
      </input_file>
      <input_file id="fl-41">
         <path>C:\ti\ccs1120\ccs\tools\compiler\ti-cgt-c2000_21.6.0.LTS\lib\</path>
         <kind>archive</kind>
         <file>rts2800_ml.lib</file>
         <name>atoi.c.obj</name>
      </input_file>
      <input_file id="fl-42">
         <path>C:\ti\ccs1120\ccs\tools\compiler\ti-cgt-c2000_21.6.0.LTS\lib\</path>
         <kind>archive</kind>
         <file>rts2800_ml.lib</file>
         <name>ctype.c.obj</name>
      </input_file>
      <input_file id="fl-43">
         <path>C:\ti\ccs1120\ccs\tools\compiler\ti-cgt-c2000_21.6.0.LTS\lib\</path>
         <kind>archive</kind>
         <file>rts2800_ml.lib</file>
         <name>memccpy.c.obj</name>
      </input_file>
      <input_file id="fl-44">
         <path>C:\ti\ccs1120\ccs\tools\compiler\ti-cgt-c2000_21.6.0.LTS\lib\</path>
         <kind>archive</kind>
         <file>rts2800_ml.lib</file>
         <name>memset.c.obj</name>
      </input_file>
      <input_file id="fl-45">
         <path>C:\ti\ccs1120\ccs\tools\compiler\ti-cgt-c2000_21.6.0.LTS\lib\</path>
         <kind>archive</kind>
         <file>rts2800_ml.lib</file>
         <name>strchr.c.obj</name>
      </input_file>
      <input_file id="fl-46">
         <path>C:\ti\ccs1120\ccs\tools\compiler\ti-cgt-c2000_21.6.0.LTS\lib\</path>
         <kind>archive</kind>
         <file>rts2800_ml.lib</file>
         <name>strcpy.c.obj</name>
      </input_file>
      <input_file id="fl-47">
         <path>C:\ti\ccs1120\ccs\tools\compiler\ti-cgt-c2000_21.6.0.LTS\lib\</path>
         <kind>archive</kind>
         <file>rts2800_ml.lib</file>
         <name>errno.c.obj</name>
      </input_file>
      <input_file id="fl-48">
         <path>C:\ti\ccs1120\ccs\tools\compiler\ti-cgt-c2000_21.6.0.LTS\lib\</path>
         <kind>archive</kind>
         <file>rts2800_ml.lib</file>
         <name>wcslen.c.obj</name>
      </input_file>
      <input_file id="fl-49">
         <path>C:\ti\ccs1120\ccs\tools\compiler\ti-cgt-c2000_21.6.0.LTS\lib\</path>
         <kind>archive</kind>
         <file>rts2800_ml.lib</file>
         <name>s_copysign.c.obj</name>
      </input_file>
   </input_file_list>
   <object_component_list>
      <object_component id="oc-5d">
         <name>.cinit</name>
         <load_address>0x3f734e</load_address>
         <run_address>0x3f734e</run_address>
         <size>0x42</size>
         <input_file_ref idref="fl-3"/>
      </object_component>
      <object_component id="oc-de">
         <name>.cinit</name>
         <load_address>0x3f7390</load_address>
         <run_address>0x3f7390</run_address>
         <size>0xe</size>
         <input_file_ref idref="fl-2b"/>
      </object_component>
      <object_component id="oc-182">
         <name>.cinit:_recvvalues</name>
         <load_address>0x3f739e</load_address>
         <run_address>0x3f739e</run_address>
         <size>0x6</size>
         <input_file_ref idref="fl-3"/>
      </object_component>
      <object_component id="oc-180">
         <name>.cinit:_sendvalues</name>
         <load_address>0x3f73a4</load_address>
         <run_address>0x3f73a4</run_address>
         <size>0x6</size>
         <input_file_ref idref="fl-3"/>
      </object_component>
      <object_component id="oc-188">
         <name>.cinit:__lock</name>
         <load_address>0x3f73aa</load_address>
         <run_address>0x3f73aa</run_address>
         <size>0x5</size>
         <input_file_ref idref="fl-2c"/>
      </object_component>
      <object_component id="oc-193">
         <name>.cinit:__unlock</name>
         <load_address>0x3f73af</load_address>
         <run_address>0x3f73af</run_address>
         <size>0x5</size>
         <input_file_ref idref="fl-2c"/>
      </object_component>
      <object_component id="oc-16d">
         <name>.cinit</name>
         <load_address>0x3f73b4</load_address>
         <run_address>0x3f73b4</run_address>
         <size>0x4</size>
         <input_file_ref idref="fl-47"/>
      </object_component>
      <object_component id="oc-191">
         <name>.text</name>
         <load_address>0x3f6000</load_address>
         <run_address>0x3f6000</run_address>
         <size>0x22e</size>
         <input_file_ref idref="fl-5"/>
      </object_component>
      <object_component id="oc-186">
         <name>.text</name>
         <load_address>0x3f622e</load_address>
         <run_address>0x3f622e</run_address>
         <size>0x1d9</size>
         <input_file_ref idref="fl-3"/>
      </object_component>
      <object_component id="oc-194">
         <name>.text:__TI_printfi_minimal</name>
         <load_address>0x3f6407</load_address>
         <run_address>0x3f6407</run_address>
         <size>0x196</size>
         <input_file_ref idref="fl-2f"/>
      </object_component>
      <object_component id="oc-184">
         <name>.text</name>
         <load_address>0x3f659d</load_address>
         <run_address>0x3f659d</run_address>
         <size>0x191</size>
         <input_file_ref idref="fl-4"/>
      </object_component>
      <object_component id="oc-18c">
         <name>.text</name>
         <load_address>0x3f672e</load_address>
         <run_address>0x3f672e</run_address>
         <size>0x13a</size>
         <input_file_ref idref="fl-f"/>
      </object_component>
      <object_component id="oc-133">
         <name>.text</name>
         <load_address>0x3f6868</load_address>
         <run_address>0x3f6868</run_address>
         <size>0x107</size>
         <input_file_ref idref="fl-3b"/>
      </object_component>
      <object_component id="oc-7d">
         <name>.text:retain</name>
         <load_address>0x3f696f</load_address>
         <run_address>0x3f696f</run_address>
         <size>0xff</size>
         <input_file_ref idref="fl-8"/>
      </object_component>
      <object_component id="oc-5f">
         <name>.text:retain</name>
         <load_address>0x3f6a6e</load_address>
         <run_address>0x3f6a6e</run_address>
         <size>0xda</size>
         <input_file_ref idref="fl-3"/>
      </object_component>
      <object_component id="oc-106">
         <name>.text</name>
         <load_address>0x3f6b48</load_address>
         <run_address>0x3f6b48</run_address>
         <size>0x9c</size>
         <input_file_ref idref="fl-32"/>
      </object_component>
      <object_component id="oc-147">
         <name>.text</name>
         <load_address>0x3f6be4</load_address>
         <run_address>0x3f6be4</run_address>
         <size>0x8b</size>
         <input_file_ref idref="fl-3f"/>
      </object_component>
      <object_component id="oc-110">
         <name>.text</name>
         <load_address>0x3f6c6f</load_address>
         <run_address>0x3f6c6f</run_address>
         <size>0x83</size>
         <input_file_ref idref="fl-34"/>
      </object_component>
      <object_component id="oc-18f">
         <name>.text</name>
         <load_address>0x3f6cf2</load_address>
         <run_address>0x3f6cf2</run_address>
         <size>0x73</size>
         <input_file_ref idref="fl-7"/>
      </object_component>
      <object_component id="oc-b5">
         <name>.text</name>
         <load_address>0x3f6d65</load_address>
         <run_address>0x3f6d65</run_address>
         <size>0x5a</size>
         <input_file_ref idref="fl-23"/>
      </object_component>
      <object_component id="oc-38">
         <name>.text</name>
         <load_address>0x3f6dbf</load_address>
         <run_address>0x3f6dbf</run_address>
         <size>0x54</size>
         <input_file_ref idref="fl-22"/>
      </object_component>
      <object_component id="oc-190">
         <name>.text</name>
         <load_address>0x3f6e13</load_address>
         <run_address>0x3f6e13</run_address>
         <size>0x42</size>
         <input_file_ref idref="fl-e"/>
      </object_component>
      <object_component id="oc-18a">
         <name>.text</name>
         <load_address>0x3f6e55</load_address>
         <run_address>0x3f6e55</run_address>
         <size>0x2f</size>
         <input_file_ref idref="fl-21"/>
      </object_component>
      <object_component id="oc-10b">
         <name>.text</name>
         <load_address>0x3f6e84</load_address>
         <run_address>0x3f6e84</run_address>
         <size>0x2a</size>
         <input_file_ref idref="fl-33"/>
      </object_component>
      <object_component id="oc-c4">
         <name>.text</name>
         <load_address>0x3f6eae</load_address>
         <run_address>0x3f6eae</run_address>
         <size>0x2a</size>
         <input_file_ref idref="fl-26"/>
      </object_component>
      <object_component id="oc-17e">
         <name>.text</name>
         <load_address>0x3f6ed8</load_address>
         <run_address>0x3f6ed8</run_address>
         <size>0x29</size>
         <input_file_ref idref="fl-2b"/>
      </object_component>
      <object_component id="oc-ba">
         <name>.text</name>
         <load_address>0x3f6f01</load_address>
         <run_address>0x3f6f01</run_address>
         <size>0x29</size>
         <input_file_ref idref="fl-24"/>
      </object_component>
      <object_component id="oc-18d">
         <name>.text</name>
         <load_address>0x3f6f2a</load_address>
         <run_address>0x3f6f2a</run_address>
         <size>0x28</size>
         <input_file_ref idref="fl-b"/>
      </object_component>
      <object_component id="oc-18e">
         <name>.text</name>
         <load_address>0x3f6f52</load_address>
         <run_address>0x3f6f52</run_address>
         <size>0x26</size>
         <input_file_ref idref="fl-c"/>
      </object_component>
      <object_component id="oc-17b">
         <name>.text</name>
         <load_address>0x3f6f78</load_address>
         <run_address>0x3f6f78</run_address>
         <size>0x24</size>
         <input_file_ref idref="fl-27"/>
      </object_component>
      <object_component id="oc-11f">
         <name>.text</name>
         <load_address>0x3f6f9c</load_address>
         <run_address>0x3f6f9c</run_address>
         <size>0x21</size>
         <input_file_ref idref="fl-37"/>
      </object_component>
      <object_component id="oc-124">
         <name>.text</name>
         <load_address>0x3f6fbd</load_address>
         <run_address>0x3f6fbd</run_address>
         <size>0x1f</size>
         <input_file_ref idref="fl-38"/>
      </object_component>
      <object_component id="oc-12e">
         <name>.text</name>
         <load_address>0x3f6fdc</load_address>
         <run_address>0x3f6fdc</run_address>
         <size>0x1e</size>
         <input_file_ref idref="fl-3a"/>
      </object_component>
      <object_component id="oc-138">
         <name>.text</name>
         <load_address>0x3f6ffa</load_address>
         <run_address>0x3f6ffa</run_address>
         <size>0x1d</size>
         <input_file_ref idref="fl-3c"/>
      </object_component>
      <object_component id="oc-185">
         <name>.text</name>
         <load_address>0x3f7017</load_address>
         <run_address>0x3f7017</run_address>
         <size>0x1d</size>
         <input_file_ref idref="fl-28"/>
      </object_component>
      <object_component id="oc-142">
         <name>.text</name>
         <load_address>0x3f7034</load_address>
         <run_address>0x3f7034</run_address>
         <size>0x1c</size>
         <input_file_ref idref="fl-3e"/>
      </object_component>
      <object_component id="oc-13d">
         <name>.text</name>
         <load_address>0x3f7050</load_address>
         <run_address>0x3f7050</run_address>
         <size>0x1c</size>
         <input_file_ref idref="fl-3d"/>
      </object_component>
      <object_component id="oc-189">
         <name>.text</name>
         <load_address>0x3f706c</load_address>
         <run_address>0x3f706c</run_address>
         <size>0x1a</size>
         <input_file_ref idref="fl-d"/>
      </object_component>
      <object_component id="oc-129">
         <name>.text</name>
         <load_address>0x3f7086</load_address>
         <run_address>0x3f7086</run_address>
         <size>0x18</size>
         <input_file_ref idref="fl-39"/>
      </object_component>
      <object_component id="oc-17d">
         <name>.text</name>
         <load_address>0x3f709e</load_address>
         <run_address>0x3f709e</run_address>
         <size>0x11</size>
         <input_file_ref idref="fl-2d"/>
      </object_component>
      <object_component id="oc-199">
         <name>.text</name>
         <load_address>0x3f70af</load_address>
         <run_address>0x3f70af</run_address>
         <size>0x10</size>
         <input_file_ref idref="fl-43"/>
      </object_component>
      <object_component id="oc-11a">
         <name>.text</name>
         <load_address>0x3f70bf</load_address>
         <run_address>0x3f70bf</run_address>
         <size>0xe</size>
         <input_file_ref idref="fl-36"/>
      </object_component>
      <object_component id="oc-bf">
         <name>.text</name>
         <load_address>0x3f70cd</load_address>
         <run_address>0x3f70cd</run_address>
         <size>0xb</size>
         <input_file_ref idref="fl-25"/>
      </object_component>
      <object_component id="oc-192">
         <name>.text</name>
         <load_address>0x3f70d8</load_address>
         <run_address>0x3f70d8</run_address>
         <size>0x9</size>
         <input_file_ref idref="fl-2c"/>
      </object_component>
      <object_component id="oc-115">
         <name>.text</name>
         <load_address>0x3f70e1</load_address>
         <run_address>0x3f70e1</run_address>
         <size>0x9</size>
         <input_file_ref idref="fl-35"/>
      </object_component>
      <object_component id="oc-70">
         <name>.text</name>
         <load_address>0x3f70ea</load_address>
         <run_address>0x3f70ea</run_address>
         <size>0x8</size>
         <input_file_ref idref="fl-6"/>
      </object_component>
      <object_component id="oc-18b">
         <name>.text</name>
         <load_address>0x3f70f2</load_address>
         <run_address>0x3f70f2</run_address>
         <size>0x8</size>
         <input_file_ref idref="fl-2e"/>
      </object_component>
      <object_component id="oc-197">
         <name>.text</name>
         <load_address>0x3f70fa</load_address>
         <run_address>0x3f70fa</run_address>
         <size>0x7</size>
         <input_file_ref idref="fl-44"/>
      </object_component>
      <object_component id="oc-198">
         <name>.text</name>
         <load_address>0x3f7101</load_address>
         <run_address>0x3f7101</run_address>
         <size>0x5</size>
         <input_file_ref idref="fl-46"/>
      </object_component>
      <object_component id="oc-17a">
         <name>.text</name>
         <load_address>0x3f7106</load_address>
         <run_address>0x3f7106</run_address>
         <size>0x2</size>
         <input_file_ref idref="fl-29"/>
      </object_component>
      <object_component id="oc-17c">
         <name>.text</name>
         <load_address>0x3f7108</load_address>
         <run_address>0x3f7108</run_address>
         <size>0x1</size>
         <input_file_ref idref="fl-2a"/>
      </object_component>
      <object_component id="oc-71">
         <name>codestart</name>
         <load_address>0x3f7ff6</load_address>
         <run_address>0x3f7ff6</run_address>
         <size>0x2</size>
         <input_file_ref idref="fl-6"/>
      </object_component>
      <object_component id="oc-66">
         <name>ramfuncs:retain</name>
         <load_address>0x3f7270</load_address>
         <run_address>0x8000</run_address>
         <size>0x6e</size>
         <input_file_ref idref="fl-4"/>
      </object_component>
      <object_component id="oc-183">
         <name>ramfuncs</name>
         <load_address>0x3f72de</load_address>
         <run_address>0x806e</run_address>
         <size>0x6c</size>
         <input_file_ref idref="fl-4"/>
      </object_component>
      <object_component id="oc-a5">
         <name>ramfuncs</name>
         <load_address>0x3f734a</load_address>
         <run_address>0x80da</run_address>
         <size>0x4</size>
         <input_file_ref idref="fl-10"/>
      </object_component>
      <object_component id="oc-af">
         <name>.stack</name>
         <uninitialized>true</uninitialized>
         <run_address>0x50</run_address>
         <size>0x0</size>
         <input_file_ref idref="fl-22"/>
      </object_component>
      <object_component id="oc-1d9">
         <name>.stack</name>
         <uninitialized>true</uninitialized>
         <run_address>0x50</run_address>
         <size>0x0</size>
      </object_component>
      <object_component id="oc-5e">
         <name>.ebss</name>
         <uninitialized>true</uninitialized>
         <run_address>0x268</run_address>
         <size>0x12</size>
         <input_file_ref idref="fl-3"/>
      </object_component>
      <object_component id="oc-17f">
         <name>.ebss:_sendvalues</name>
         <uninitialized>true</uninitialized>
         <run_address>0x2f7</run_address>
         <size>0x3</size>
         <input_file_ref idref="fl-3"/>
      </object_component>
      <object_component id="oc-181">
         <name>.ebss:_recvvalues</name>
         <uninitialized>true</uninitialized>
         <run_address>0x2f4</run_address>
         <size>0x3</size>
         <input_file_ref idref="fl-3"/>
      </object_component>
      <object_component id="oc-65">
         <name>.ebss</name>
         <uninitialized>true</uninitialized>
         <run_address>0x280</run_address>
         <size>0x74</size>
         <input_file_ref idref="fl-4"/>
      </object_component>
      <object_component id="oc-77">
         <name>.ebss</name>
         <uninitialized>true</uninitialized>
         <run_address>0x250</run_address>
         <size>0x18</size>
         <input_file_ref idref="fl-7"/>
      </object_component>
      <object_component id="oc-df">
         <name>.ebss</name>
         <uninitialized>true</uninitialized>
         <run_address>0x27a</run_address>
         <size>0x6</size>
         <input_file_ref idref="fl-2b"/>
      </object_component>
      <object_component id="oc-187">
         <name>.ebss:__lock</name>
         <uninitialized>true</uninitialized>
         <run_address>0x2fa</run_address>
         <size>0x2</size>
         <input_file_ref idref="fl-2c"/>
      </object_component>
      <object_component id="oc-196">
         <name>.ebss:__unlock</name>
         <uninitialized>true</uninitialized>
         <run_address>0x2fc</run_address>
         <size>0x2</size>
         <input_file_ref idref="fl-2c"/>
      </object_component>
      <object_component id="oc-16e">
         <name>.ebss</name>
         <uninitialized>true</uninitialized>
         <run_address>0x2fe</run_address>
         <size>0x1</size>
         <input_file_ref idref="fl-47"/>
      </object_component>
      <object_component id="oc-195">
         <name>.econst:_PieVectTableInit</name>
         <load_address>0x3f710a</load_address>
         <run_address>0x3f710a</run_address>
         <size>0x100</size>
         <input_file_ref idref="fl-c"/>
      </object_component>
      <object_component id="oc-f5">
         <name>.econst:.string</name>
         <load_address>0x3f720a</load_address>
         <run_address>0x3f720a</run_address>
         <size>0x26</size>
         <input_file_ref idref="fl-2f"/>
      </object_component>
      <object_component id="oc-f4">
         <name>.econst</name>
         <load_address>0x3f7230</load_address>
         <run_address>0x3f7230</run_address>
         <size>0x1c</size>
         <input_file_ref idref="fl-2f"/>
      </object_component>
      <object_component id="oc-101">
         <name>.econst</name>
         <load_address>0x3f724c</load_address>
         <run_address>0x3f724c</run_address>
         <size>0x1c</size>
         <input_file_ref idref="fl-31"/>
      </object_component>
      <object_component id="oc-fb">
         <name>.econst</name>
         <load_address>0x3f7268</load_address>
         <run_address>0x3f7268</run_address>
         <size>0x8</size>
         <input_file_ref idref="fl-30"/>
      </object_component>
      <object_component id="oc-b0">
         <name>.reset</name>
         <load_address>0x3fffc0</load_address>
         <run_address>0x3fffc0</run_address>
         <size>0x2</size>
         <input_file_ref idref="fl-22"/>
      </object_component>
      <object_component id="oc-5a">
         <name>PieVectTableFile</name>
         <uninitialized>true</uninitialized>
         <run_address>0xd00</run_address>
         <size>0x100</size>
         <input_file_ref idref="fl-2"/>
      </object_component>
      <object_component id="oc-3b">
         <name>EmuKeyVar</name>
         <uninitialized>true</uninitialized>
         <run_address>0xd00</run_address>
         <size>0x1</size>
         <input_file_ref idref="fl-2"/>
      </object_component>
      <object_component id="oc-3c">
         <name>EmuBModeVar</name>
         <uninitialized>true</uninitialized>
         <run_address>0xd01</run_address>
         <size>0x1</size>
         <input_file_ref idref="fl-2"/>
      </object_component>
      <object_component id="oc-3e">
         <name>FlashCallbackVar</name>
         <uninitialized>true</uninitialized>
         <run_address>0xd02</run_address>
         <size>0x2</size>
         <input_file_ref idref="fl-2"/>
      </object_component>
      <object_component id="oc-3d">
         <name>FlashScalingVar</name>
         <uninitialized>true</uninitialized>
         <run_address>0xd04</run_address>
         <size>0x2</size>
         <input_file_ref idref="fl-2"/>
      </object_component>
      <object_component id="oc-40">
         <name>DevEmuRegsFile</name>
         <uninitialized>true</uninitialized>
         <run_address>0x880</run_address>
         <size>0x4</size>
         <input_file_ref idref="fl-2"/>
      </object_component>
      <object_component id="oc-3f">
         <name>SysPwrCtrlRegsFile</name>
         <uninitialized>true</uninitialized>
         <run_address>0x985</run_address>
         <size>0x3</size>
         <input_file_ref idref="fl-2"/>
      </object_component>
      <object_component id="oc-45">
         <name>FlashRegsFile</name>
         <uninitialized>true</uninitialized>
         <run_address>0xa80</run_address>
         <size>0x8</size>
         <input_file_ref idref="fl-2"/>
      </object_component>
      <object_component id="oc-47">
         <name>CsmRegsFile</name>
         <uninitialized>true</uninitialized>
         <run_address>0xae0</run_address>
         <size>0x10</size>
         <input_file_ref idref="fl-2"/>
      </object_component>
      <object_component id="oc-4e">
         <name>AdcResultFile</name>
         <uninitialized>true</uninitialized>
         <run_address>0xb00</run_address>
         <size>0x20</size>
         <input_file_ref idref="fl-2"/>
      </object_component>
      <object_component id="oc-41">
         <name>CpuTimer0RegsFile</name>
         <uninitialized>true</uninitialized>
         <run_address>0xc00</run_address>
         <size>0x8</size>
         <input_file_ref idref="fl-2"/>
      </object_component>
      <object_component id="oc-42">
         <name>CpuTimer1RegsFile</name>
         <uninitialized>true</uninitialized>
         <run_address>0xc08</run_address>
         <size>0x8</size>
         <input_file_ref idref="fl-2"/>
      </object_component>
      <object_component id="oc-43">
         <name>CpuTimer2RegsFile</name>
         <uninitialized>true</uninitialized>
         <run_address>0xc10</run_address>
         <size>0x8</size>
         <input_file_ref idref="fl-2"/>
      </object_component>
      <object_component id="oc-4c">
         <name>PieCtrlRegsFile</name>
         <uninitialized>true</uninitialized>
         <run_address>0xce0</run_address>
         <size>0x1a</size>
         <input_file_ref idref="fl-2"/>
      </object_component>
      <object_component id="oc-51">
         <name>ECap1RegsFile</name>
         <uninitialized>true</uninitialized>
         <run_address>0x6a00</run_address>
         <size>0x20</size>
         <input_file_ref idref="fl-2"/>
      </object_component>
      <object_component id="oc-58">
         <name>GpioCtrlRegsFile</name>
         <uninitialized>true</uninitialized>
         <run_address>0x6f80</run_address>
         <size>0x40</size>
         <input_file_ref idref="fl-2"/>
      </object_component>
      <object_component id="oc-52">
         <name>GpioDataRegsFile</name>
         <uninitialized>true</uninitialized>
         <run_address>0x6fc0</run_address>
         <size>0x20</size>
         <input_file_ref idref="fl-2"/>
      </object_component>
      <object_component id="oc-46">
         <name>GpioIntRegsFile</name>
         <uninitialized>true</uninitialized>
         <run_address>0x6fe0</run_address>
         <size>0xa</size>
         <input_file_ref idref="fl-2"/>
      </object_component>
      <object_component id="oc-4d">
         <name>SysCtrlRegsFile</name>
         <uninitialized>true</uninitialized>
         <run_address>0x7010</run_address>
         <size>0x1f</size>
         <input_file_ref idref="fl-2"/>
      </object_component>
      <object_component id="oc-4a">
         <name>SpiaRegsFile</name>
         <uninitialized>true</uninitialized>
         <run_address>0x7040</run_address>
         <size>0x10</size>
         <input_file_ref idref="fl-2"/>
      </object_component>
      <object_component id="oc-49">
         <name>SciaRegsFile</name>
         <uninitialized>true</uninitialized>
         <run_address>0x7050</run_address>
         <size>0x10</size>
         <input_file_ref idref="fl-2"/>
      </object_component>
      <object_component id="oc-48">
         <name>NmiIntruptRegsFile</name>
         <uninitialized>true</uninitialized>
         <run_address>0x7060</run_address>
         <size>0x10</size>
         <input_file_ref idref="fl-2"/>
      </object_component>
      <object_component id="oc-4b">
         <name>XIntruptRegsFile</name>
         <uninitialized>true</uninitialized>
         <run_address>0x7070</run_address>
         <size>0x10</size>
         <input_file_ref idref="fl-2"/>
      </object_component>
      <object_component id="oc-59">
         <name>AdcRegsFile</name>
         <uninitialized>true</uninitialized>
         <run_address>0x7100</run_address>
         <size>0x51</size>
         <input_file_ref idref="fl-2"/>
      </object_component>
      <object_component id="oc-53">
         <name>I2caRegsFile</name>
         <uninitialized>true</uninitialized>
         <run_address>0x7900</run_address>
         <size>0x22</size>
         <input_file_ref idref="fl-2"/>
      </object_component>
      <object_component id="oc-4f">
         <name>Comp1RegsFile</name>
         <uninitialized>true</uninitialized>
         <run_address>0x6400</run_address>
         <size>0x20</size>
         <input_file_ref idref="fl-2"/>
      </object_component>
      <object_component id="oc-50">
         <name>Comp2RegsFile</name>
         <uninitialized>true</uninitialized>
         <run_address>0x6420</run_address>
         <size>0x20</size>
         <input_file_ref idref="fl-2"/>
      </object_component>
      <object_component id="oc-54">
         <name>EPwm1RegsFile</name>
         <uninitialized>true</uninitialized>
         <run_address>0x6800</run_address>
         <size>0x40</size>
         <input_file_ref idref="fl-2"/>
      </object_component>
      <object_component id="oc-55">
         <name>EPwm2RegsFile</name>
         <uninitialized>true</uninitialized>
         <run_address>0x6840</run_address>
         <size>0x40</size>
         <input_file_ref idref="fl-2"/>
      </object_component>
      <object_component id="oc-56">
         <name>EPwm3RegsFile</name>
         <uninitialized>true</uninitialized>
         <run_address>0x6880</run_address>
         <size>0x40</size>
         <input_file_ref idref="fl-2"/>
      </object_component>
      <object_component id="oc-57">
         <name>EPwm4RegsFile</name>
         <uninitialized>true</uninitialized>
         <run_address>0x68c0</run_address>
         <size>0x40</size>
         <input_file_ref idref="fl-2"/>
      </object_component>
      <object_component id="oc-44">
         <name>CsmPwlFile</name>
         <uninitialized>true</uninitialized>
         <run_address>0x3f7ff8</run_address>
         <size>0x8</size>
         <input_file_ref idref="fl-2"/>
      </object_component>
      <object_component id="oc-3a">
         <name>PartIdRegsFile</name>
         <uninitialized>true</uninitialized>
         <run_address>0x3d7fff</run_address>
         <size>0x1</size>
         <input_file_ref idref="fl-2"/>
      </object_component>
      <object_component id="oc-39">
         <name>.debug_info</name>
         <load_address>0x0</load_address>
         <run_address>0x0</run_address>
         <size>0xb304</size>
         <input_file_ref idref="fl-2"/>
      </object_component>
      <object_component id="oc-5c">
         <name>.debug_info</name>
         <load_address>0xb304</load_address>
         <run_address>0xb304</run_address>
         <size>0x86a7</size>
         <input_file_ref idref="fl-3"/>
      </object_component>
      <object_component id="oc-64">
         <name>.debug_info</name>
         <load_address>0x139ab</load_address>
         <run_address>0x139ab</run_address>
         <size>0x2de1</size>
         <input_file_ref idref="fl-4"/>
      </object_component>
      <object_component id="oc-6b">
         <name>.debug_info</name>
         <load_address>0x1678c</load_address>
         <run_address>0x1678c</run_address>
         <size>0x4021</size>
         <input_file_ref idref="fl-5"/>
      </object_component>
      <object_component id="oc-73">
         <name>.debug_info</name>
         <load_address>0x1a7ad</load_address>
         <run_address>0x1a7ad</run_address>
         <size>0x12d</size>
         <input_file_ref idref="fl-6"/>
      </object_component>
      <object_component id="oc-76">
         <name>.debug_info</name>
         <load_address>0x1a8da</load_address>
         <run_address>0x1a8da</run_address>
         <size>0x94d</size>
         <input_file_ref idref="fl-7"/>
      </object_component>
      <object_component id="oc-7c">
         <name>.debug_info</name>
         <load_address>0x1b227</load_address>
         <run_address>0x1b227</run_address>
         <size>0x146e</size>
         <input_file_ref idref="fl-8"/>
      </object_component>
      <object_component id="oc-82">
         <name>.debug_info</name>
         <load_address>0x1c695</load_address>
         <run_address>0x1c695</run_address>
         <size>0x13b2</size>
         <input_file_ref idref="fl-9"/>
      </object_component>
      <object_component id="oc-87">
         <name>.debug_info</name>
         <load_address>0x1da47</load_address>
         <run_address>0x1da47</run_address>
         <size>0x13b2</size>
         <input_file_ref idref="fl-a"/>
      </object_component>
      <object_component id="oc-8c">
         <name>.debug_info</name>
         <load_address>0x1edf9</load_address>
         <run_address>0x1edf9</run_address>
         <size>0xabd</size>
         <input_file_ref idref="fl-b"/>
      </object_component>
      <object_component id="oc-91">
         <name>.debug_info</name>
         <load_address>0x1f8b6</load_address>
         <run_address>0x1f8b6</run_address>
         <size>0x1ebb</size>
         <input_file_ref idref="fl-c"/>
      </object_component>
      <object_component id="oc-96">
         <name>.debug_info</name>
         <load_address>0x21771</load_address>
         <run_address>0x21771</run_address>
         <size>0x14b8</size>
         <input_file_ref idref="fl-d"/>
      </object_component>
      <object_component id="oc-9b">
         <name>.debug_info</name>
         <load_address>0x22c29</load_address>
         <run_address>0x22c29</run_address>
         <size>0x1d0b</size>
         <input_file_ref idref="fl-e"/>
      </object_component>
      <object_component id="oc-a0">
         <name>.debug_info</name>
         <load_address>0x24934</load_address>
         <run_address>0x24934</run_address>
         <size>0x2ec4</size>
         <input_file_ref idref="fl-f"/>
      </object_component>
      <object_component id="oc-a7">
         <name>.debug_info</name>
         <load_address>0x277f8</load_address>
         <run_address>0x277f8</run_address>
         <size>0xf8</size>
         <input_file_ref idref="fl-10"/>
      </object_component>
      <object_component id="oc-aa">
         <name>.debug_info</name>
         <load_address>0x278f0</load_address>
         <run_address>0x278f0</run_address>
         <size>0x61f</size>
         <input_file_ref idref="fl-21"/>
      </object_component>
      <object_component id="oc-b1">
         <name>.debug_info</name>
         <load_address>0x27f0f</load_address>
         <run_address>0x27f0f</run_address>
         <size>0x173</size>
         <input_file_ref idref="fl-22"/>
      </object_component>
      <object_component id="oc-b6">
         <name>.debug_info</name>
         <load_address>0x28082</load_address>
         <run_address>0x28082</run_address>
         <size>0x114</size>
         <input_file_ref idref="fl-23"/>
      </object_component>
      <object_component id="oc-bb">
         <name>.debug_info</name>
         <load_address>0x28196</load_address>
         <run_address>0x28196</run_address>
         <size>0x120</size>
         <input_file_ref idref="fl-24"/>
      </object_component>
      <object_component id="oc-c0">
         <name>.debug_info</name>
         <load_address>0x282b6</load_address>
         <run_address>0x282b6</run_address>
         <size>0x141</size>
         <input_file_ref idref="fl-25"/>
      </object_component>
      <object_component id="oc-c5">
         <name>.debug_info</name>
         <load_address>0x283f7</load_address>
         <run_address>0x283f7</run_address>
         <size>0x1a5</size>
         <input_file_ref idref="fl-26"/>
      </object_component>
      <object_component id="oc-c9">
         <name>.debug_info</name>
         <load_address>0x2859c</load_address>
         <run_address>0x2859c</run_address>
         <size>0x4fa</size>
         <input_file_ref idref="fl-27"/>
      </object_component>
      <object_component id="oc-ce">
         <name>.debug_info</name>
         <load_address>0x28a96</load_address>
         <run_address>0x28a96</run_address>
         <size>0x3d3</size>
         <input_file_ref idref="fl-28"/>
      </object_component>
      <object_component id="oc-d3">
         <name>.debug_info</name>
         <load_address>0x28e69</load_address>
         <run_address>0x28e69</run_address>
         <size>0x346</size>
         <input_file_ref idref="fl-29"/>
      </object_component>
      <object_component id="oc-d8">
         <name>.debug_info</name>
         <load_address>0x291af</load_address>
         <run_address>0x291af</run_address>
         <size>0x343</size>
         <input_file_ref idref="fl-2a"/>
      </object_component>
      <object_component id="oc-dd">
         <name>.debug_info</name>
         <load_address>0x294f2</load_address>
         <run_address>0x294f2</run_address>
         <size>0x4dd</size>
         <input_file_ref idref="fl-2b"/>
      </object_component>
      <object_component id="oc-e4">
         <name>.debug_info</name>
         <load_address>0x299cf</load_address>
         <run_address>0x299cf</run_address>
         <size>0x465</size>
         <input_file_ref idref="fl-2c"/>
      </object_component>
      <object_component id="oc-e9">
         <name>.debug_info</name>
         <load_address>0x29e34</load_address>
         <run_address>0x29e34</run_address>
         <size>0x3ee</size>
         <input_file_ref idref="fl-2d"/>
      </object_component>
      <object_component id="oc-ee">
         <name>.debug_info</name>
         <load_address>0x2a222</load_address>
         <run_address>0x2a222</run_address>
         <size>0x443</size>
         <input_file_ref idref="fl-2e"/>
      </object_component>
      <object_component id="oc-f3">
         <name>.debug_info</name>
         <load_address>0x2a665</load_address>
         <run_address>0x2a665</run_address>
         <size>0xff0</size>
         <input_file_ref idref="fl-2f"/>
      </object_component>
      <object_component id="oc-fa">
         <name>.debug_info</name>
         <load_address>0x2b655</load_address>
         <run_address>0x2b655</run_address>
         <size>0x365</size>
         <input_file_ref idref="fl-30"/>
      </object_component>
      <object_component id="oc-100">
         <name>.debug_info</name>
         <load_address>0x2b9ba</load_address>
         <run_address>0x2b9ba</run_address>
         <size>0x3cf</size>
         <input_file_ref idref="fl-31"/>
      </object_component>
      <object_component id="oc-107">
         <name>.debug_info</name>
         <load_address>0x2bd89</load_address>
         <run_address>0x2bd89</run_address>
         <size>0x114</size>
         <input_file_ref idref="fl-32"/>
      </object_component>
      <object_component id="oc-10c">
         <name>.debug_info</name>
         <load_address>0x2be9d</load_address>
         <run_address>0x2be9d</run_address>
         <size>0x120</size>
         <input_file_ref idref="fl-33"/>
      </object_component>
      <object_component id="oc-111">
         <name>.debug_info</name>
         <load_address>0x2bfbd</load_address>
         <run_address>0x2bfbd</run_address>
         <size>0x114</size>
         <input_file_ref idref="fl-34"/>
      </object_component>
      <object_component id="oc-116">
         <name>.debug_info</name>
         <load_address>0x2c0d1</load_address>
         <run_address>0x2c0d1</run_address>
         <size>0x114</size>
         <input_file_ref idref="fl-35"/>
      </object_component>
      <object_component id="oc-11b">
         <name>.debug_info</name>
         <load_address>0x2c1e5</load_address>
         <run_address>0x2c1e5</run_address>
         <size>0x122</size>
         <input_file_ref idref="fl-36"/>
      </object_component>
      <object_component id="oc-120">
         <name>.debug_info</name>
         <load_address>0x2c307</load_address>
         <run_address>0x2c307</run_address>
         <size>0x114</size>
         <input_file_ref idref="fl-37"/>
      </object_component>
      <object_component id="oc-125">
         <name>.debug_info</name>
         <load_address>0x2c41b</load_address>
         <run_address>0x2c41b</run_address>
         <size>0x114</size>
         <input_file_ref idref="fl-38"/>
      </object_component>
      <object_component id="oc-12a">
         <name>.debug_info</name>
         <load_address>0x2c52f</load_address>
         <run_address>0x2c52f</run_address>
         <size>0x176</size>
         <input_file_ref idref="fl-39"/>
      </object_component>
      <object_component id="oc-12f">
         <name>.debug_info</name>
         <load_address>0x2c6a5</load_address>
         <run_address>0x2c6a5</run_address>
         <size>0x14e</size>
         <input_file_ref idref="fl-3a"/>
      </object_component>
      <object_component id="oc-134">
         <name>.debug_info</name>
         <load_address>0x2c7f3</load_address>
         <run_address>0x2c7f3</run_address>
         <size>0x231</size>
         <input_file_ref idref="fl-3b"/>
      </object_component>
      <object_component id="oc-139">
         <name>.debug_info</name>
         <load_address>0x2ca24</load_address>
         <run_address>0x2ca24</run_address>
         <size>0x118</size>
         <input_file_ref idref="fl-3c"/>
      </object_component>
      <object_component id="oc-13e">
         <name>.debug_info</name>
         <load_address>0x2cb3c</load_address>
         <run_address>0x2cb3c</run_address>
         <size>0x118</size>
         <input_file_ref idref="fl-3d"/>
      </object_component>
      <object_component id="oc-143">
         <name>.debug_info</name>
         <load_address>0x2cc54</load_address>
         <run_address>0x2cc54</run_address>
         <size>0x117</size>
         <input_file_ref idref="fl-3e"/>
      </object_component>
      <object_component id="oc-148">
         <name>.debug_info</name>
         <load_address>0x2cd6b</load_address>
         <run_address>0x2cd6b</run_address>
         <size>0x114</size>
         <input_file_ref idref="fl-3f"/>
      </object_component>
      <object_component id="oc-14c">
         <name>.debug_info</name>
         <load_address>0x2ce7f</load_address>
         <run_address>0x2ce7f</run_address>
         <size>0x30c</size>
         <input_file_ref idref="fl-40"/>
      </object_component>
      <object_component id="oc-151">
         <name>.debug_info</name>
         <load_address>0x2d18b</load_address>
         <run_address>0x2d18b</run_address>
         <size>0x324</size>
         <input_file_ref idref="fl-41"/>
      </object_component>
      <object_component id="oc-156">
         <name>.debug_info</name>
         <load_address>0x2d4af</load_address>
         <run_address>0x2d4af</run_address>
         <size>0x1c8</size>
         <input_file_ref idref="fl-42"/>
      </object_component>
      <object_component id="oc-158">
         <name>.debug_info</name>
         <load_address>0x2d677</load_address>
         <run_address>0x2d677</run_address>
         <size>0x3f7</size>
         <input_file_ref idref="fl-43"/>
      </object_component>
      <object_component id="oc-15d">
         <name>.debug_info</name>
         <load_address>0x2da6e</load_address>
         <run_address>0x2da6e</run_address>
         <size>0x49b</size>
         <input_file_ref idref="fl-44"/>
      </object_component>
      <object_component id="oc-162">
         <name>.debug_info</name>
         <load_address>0x2df09</load_address>
         <run_address>0x2df09</run_address>
         <size>0x30c</size>
         <input_file_ref idref="fl-45"/>
      </object_component>
      <object_component id="oc-167">
         <name>.debug_info</name>
         <load_address>0x2e215</load_address>
         <run_address>0x2e215</run_address>
         <size>0x47e</size>
         <input_file_ref idref="fl-46"/>
      </object_component>
      <object_component id="oc-16c">
         <name>.debug_info</name>
         <load_address>0x2e693</load_address>
         <run_address>0x2e693</run_address>
         <size>0x1c6</size>
         <input_file_ref idref="fl-47"/>
      </object_component>
      <object_component id="oc-170">
         <name>.debug_info</name>
         <load_address>0x2e859</load_address>
         <run_address>0x2e859</run_address>
         <size>0x337</size>
         <input_file_ref idref="fl-48"/>
      </object_component>
      <object_component id="oc-175">
         <name>.debug_info</name>
         <load_address>0x2eb90</load_address>
         <run_address>0x2eb90</run_address>
         <size>0x327</size>
         <input_file_ref idref="fl-49"/>
      </object_component>
      <object_component id="oc-1db">
         <name>.debug_info</name>
         <load_address>0x2eeb7</load_address>
         <run_address>0x2eeb7</run_address>
         <size>0xb4</size>
      </object_component>
      <object_component id="oc-5b">
         <name>.debug_abbrev</name>
         <load_address>0x0</load_address>
         <run_address>0x0</run_address>
         <size>0xb7</size>
         <input_file_ref idref="fl-2"/>
      </object_component>
      <object_component id="oc-62">
         <name>.debug_abbrev</name>
         <load_address>0xb7</load_address>
         <run_address>0xb7</run_address>
         <size>0x1c2</size>
         <input_file_ref idref="fl-3"/>
      </object_component>
      <object_component id="oc-69">
         <name>.debug_abbrev</name>
         <load_address>0x279</load_address>
         <run_address>0x279</run_address>
         <size>0x210</size>
         <input_file_ref idref="fl-4"/>
      </object_component>
      <object_component id="oc-6e">
         <name>.debug_abbrev</name>
         <load_address>0x489</load_address>
         <run_address>0x489</run_address>
         <size>0x155</size>
         <input_file_ref idref="fl-5"/>
      </object_component>
      <object_component id="oc-74">
         <name>.debug_abbrev</name>
         <load_address>0x5de</load_address>
         <run_address>0x5de</run_address>
         <size>0x21</size>
         <input_file_ref idref="fl-6"/>
      </object_component>
      <object_component id="oc-7a">
         <name>.debug_abbrev</name>
         <load_address>0x5ff</load_address>
         <run_address>0x5ff</run_address>
         <size>0x10b</size>
         <input_file_ref idref="fl-7"/>
      </object_component>
      <object_component id="oc-80">
         <name>.debug_abbrev</name>
         <load_address>0x70a</load_address>
         <run_address>0x70a</run_address>
         <size>0xde</size>
         <input_file_ref idref="fl-8"/>
      </object_component>
      <object_component id="oc-85">
         <name>.debug_abbrev</name>
         <load_address>0x7e8</load_address>
         <run_address>0x7e8</run_address>
         <size>0x138</size>
         <input_file_ref idref="fl-9"/>
      </object_component>
      <object_component id="oc-8a">
         <name>.debug_abbrev</name>
         <load_address>0x920</load_address>
         <run_address>0x920</run_address>
         <size>0xdc</size>
         <input_file_ref idref="fl-a"/>
      </object_component>
      <object_component id="oc-8f">
         <name>.debug_abbrev</name>
         <load_address>0x9fc</load_address>
         <run_address>0x9fc</run_address>
         <size>0xc8</size>
         <input_file_ref idref="fl-b"/>
      </object_component>
      <object_component id="oc-94">
         <name>.debug_abbrev</name>
         <load_address>0xac4</load_address>
         <run_address>0xac4</run_address>
         <size>0x116</size>
         <input_file_ref idref="fl-c"/>
      </object_component>
      <object_component id="oc-99">
         <name>.debug_abbrev</name>
         <load_address>0xbda</load_address>
         <run_address>0xbda</run_address>
         <size>0xea</size>
         <input_file_ref idref="fl-d"/>
      </object_component>
      <object_component id="oc-9e">
         <name>.debug_abbrev</name>
         <load_address>0xcc4</load_address>
         <run_address>0xcc4</run_address>
         <size>0xea</size>
         <input_file_ref idref="fl-e"/>
      </object_component>
      <object_component id="oc-a3">
         <name>.debug_abbrev</name>
         <load_address>0xdae</load_address>
         <run_address>0xdae</run_address>
         <size>0x1a3</size>
         <input_file_ref idref="fl-f"/>
      </object_component>
      <object_component id="oc-a8">
         <name>.debug_abbrev</name>
         <load_address>0xf51</load_address>
         <run_address>0xf51</run_address>
         <size>0x2f</size>
         <input_file_ref idref="fl-10"/>
      </object_component>
      <object_component id="oc-ad">
         <name>.debug_abbrev</name>
         <load_address>0xf80</load_address>
         <run_address>0xf80</run_address>
         <size>0x10b</size>
         <input_file_ref idref="fl-21"/>
      </object_component>
      <object_component id="oc-b3">
         <name>.debug_abbrev</name>
         <load_address>0x108b</load_address>
         <run_address>0x108b</run_address>
         <size>0x46</size>
         <input_file_ref idref="fl-22"/>
      </object_component>
      <object_component id="oc-b8">
         <name>.debug_abbrev</name>
         <load_address>0x10d1</load_address>
         <run_address>0x10d1</run_address>
         <size>0x38</size>
         <input_file_ref idref="fl-23"/>
      </object_component>
      <object_component id="oc-bd">
         <name>.debug_abbrev</name>
         <load_address>0x1109</load_address>
         <run_address>0x1109</run_address>
         <size>0x38</size>
         <input_file_ref idref="fl-24"/>
      </object_component>
      <object_component id="oc-c2">
         <name>.debug_abbrev</name>
         <load_address>0x1141</load_address>
         <run_address>0x1141</run_address>
         <size>0x38</size>
         <input_file_ref idref="fl-25"/>
      </object_component>
      <object_component id="oc-c7">
         <name>.debug_abbrev</name>
         <load_address>0x1179</load_address>
         <run_address>0x1179</run_address>
         <size>0x38</size>
         <input_file_ref idref="fl-26"/>
      </object_component>
      <object_component id="oc-cc">
         <name>.debug_abbrev</name>
         <load_address>0x11b1</load_address>
         <run_address>0x11b1</run_address>
         <size>0xe3</size>
         <input_file_ref idref="fl-27"/>
      </object_component>
      <object_component id="oc-d1">
         <name>.debug_abbrev</name>
         <load_address>0x1294</load_address>
         <run_address>0x1294</run_address>
         <size>0xa8</size>
         <input_file_ref idref="fl-28"/>
      </object_component>
      <object_component id="oc-d6">
         <name>.debug_abbrev</name>
         <load_address>0x133c</load_address>
         <run_address>0x133c</run_address>
         <size>0x68</size>
         <input_file_ref idref="fl-29"/>
      </object_component>
      <object_component id="oc-db">
         <name>.debug_abbrev</name>
         <load_address>0x13a4</load_address>
         <run_address>0x13a4</run_address>
         <size>0x66</size>
         <input_file_ref idref="fl-2a"/>
      </object_component>
      <object_component id="oc-e2">
         <name>.debug_abbrev</name>
         <load_address>0x140a</load_address>
         <run_address>0x140a</run_address>
         <size>0x130</size>
         <input_file_ref idref="fl-2b"/>
      </object_component>
      <object_component id="oc-e7">
         <name>.debug_abbrev</name>
         <load_address>0x153a</load_address>
         <run_address>0x153a</run_address>
         <size>0xb2</size>
         <input_file_ref idref="fl-2c"/>
      </object_component>
      <object_component id="oc-ec">
         <name>.debug_abbrev</name>
         <load_address>0x15ec</load_address>
         <run_address>0x15ec</run_address>
         <size>0xee</size>
         <input_file_ref idref="fl-2d"/>
      </object_component>
      <object_component id="oc-f1">
         <name>.debug_abbrev</name>
         <load_address>0x16da</load_address>
         <run_address>0x16da</run_address>
         <size>0xa8</size>
         <input_file_ref idref="fl-2e"/>
      </object_component>
      <object_component id="oc-f8">
         <name>.debug_abbrev</name>
         <load_address>0x1782</load_address>
         <run_address>0x1782</run_address>
         <size>0x193</size>
         <input_file_ref idref="fl-2f"/>
      </object_component>
      <object_component id="oc-fe">
         <name>.debug_abbrev</name>
         <load_address>0x1915</load_address>
         <run_address>0x1915</run_address>
         <size>0xb6</size>
         <input_file_ref idref="fl-30"/>
      </object_component>
      <object_component id="oc-104">
         <name>.debug_abbrev</name>
         <load_address>0x19cb</load_address>
         <run_address>0x19cb</run_address>
         <size>0xdf</size>
         <input_file_ref idref="fl-31"/>
      </object_component>
      <object_component id="oc-109">
         <name>.debug_abbrev</name>
         <load_address>0x1aaa</load_address>
         <run_address>0x1aaa</run_address>
         <size>0x38</size>
         <input_file_ref idref="fl-32"/>
      </object_component>
      <object_component id="oc-10e">
         <name>.debug_abbrev</name>
         <load_address>0x1ae2</load_address>
         <run_address>0x1ae2</run_address>
         <size>0x38</size>
         <input_file_ref idref="fl-33"/>
      </object_component>
      <object_component id="oc-113">
         <name>.debug_abbrev</name>
         <load_address>0x1b1a</load_address>
         <run_address>0x1b1a</run_address>
         <size>0x38</size>
         <input_file_ref idref="fl-34"/>
      </object_component>
      <object_component id="oc-118">
         <name>.debug_abbrev</name>
         <load_address>0x1b52</load_address>
         <run_address>0x1b52</run_address>
         <size>0x38</size>
         <input_file_ref idref="fl-35"/>
      </object_component>
      <object_component id="oc-11d">
         <name>.debug_abbrev</name>
         <load_address>0x1b8a</load_address>
         <run_address>0x1b8a</run_address>
         <size>0x46</size>
         <input_file_ref idref="fl-36"/>
      </object_component>
      <object_component id="oc-122">
         <name>.debug_abbrev</name>
         <load_address>0x1bd0</load_address>
         <run_address>0x1bd0</run_address>
         <size>0x38</size>
         <input_file_ref idref="fl-37"/>
      </object_component>
      <object_component id="oc-127">
         <name>.debug_abbrev</name>
         <load_address>0x1c08</load_address>
         <run_address>0x1c08</run_address>
         <size>0x38</size>
         <input_file_ref idref="fl-38"/>
      </object_component>
      <object_component id="oc-12c">
         <name>.debug_abbrev</name>
         <load_address>0x1c40</load_address>
         <run_address>0x1c40</run_address>
         <size>0x38</size>
         <input_file_ref idref="fl-39"/>
      </object_component>
      <object_component id="oc-131">
         <name>.debug_abbrev</name>
         <load_address>0x1c78</load_address>
         <run_address>0x1c78</run_address>
         <size>0x38</size>
         <input_file_ref idref="fl-3a"/>
      </object_component>
      <object_component id="oc-136">
         <name>.debug_abbrev</name>
         <load_address>0x1cb0</load_address>
         <run_address>0x1cb0</run_address>
         <size>0x5f</size>
         <input_file_ref idref="fl-3b"/>
      </object_component>
      <object_component id="oc-13b">
         <name>.debug_abbrev</name>
         <load_address>0x1d0f</load_address>
         <run_address>0x1d0f</run_address>
         <size>0x38</size>
         <input_file_ref idref="fl-3c"/>
      </object_component>
      <object_component id="oc-140">
         <name>.debug_abbrev</name>
         <load_address>0x1d47</load_address>
         <run_address>0x1d47</run_address>
         <size>0x38</size>
         <input_file_ref idref="fl-3d"/>
      </object_component>
      <object_component id="oc-145">
         <name>.debug_abbrev</name>
         <load_address>0x1d7f</load_address>
         <run_address>0x1d7f</run_address>
         <size>0x38</size>
         <input_file_ref idref="fl-3e"/>
      </object_component>
      <object_component id="oc-14a">
         <name>.debug_abbrev</name>
         <load_address>0x1db7</load_address>
         <run_address>0x1db7</run_address>
         <size>0x38</size>
         <input_file_ref idref="fl-3f"/>
      </object_component>
      <object_component id="oc-14f">
         <name>.debug_abbrev</name>
         <load_address>0x1def</load_address>
         <run_address>0x1def</run_address>
         <size>0xca</size>
         <input_file_ref idref="fl-40"/>
      </object_component>
      <object_component id="oc-154">
         <name>.debug_abbrev</name>
         <load_address>0x1eb9</load_address>
         <run_address>0x1eb9</run_address>
         <size>0xc1</size>
         <input_file_ref idref="fl-41"/>
      </object_component>
      <object_component id="oc-157">
         <name>.debug_abbrev</name>
         <load_address>0x1f7a</load_address>
         <run_address>0x1f7a</run_address>
         <size>0x57</size>
         <input_file_ref idref="fl-42"/>
      </object_component>
      <object_component id="oc-15b">
         <name>.debug_abbrev</name>
         <load_address>0x1fd1</load_address>
         <run_address>0x1fd1</run_address>
         <size>0xa8</size>
         <input_file_ref idref="fl-43"/>
      </object_component>
      <object_component id="oc-160">
         <name>.debug_abbrev</name>
         <load_address>0x2079</load_address>
         <run_address>0x2079</run_address>
         <size>0xa8</size>
         <input_file_ref idref="fl-44"/>
      </object_component>
      <object_component id="oc-165">
         <name>.debug_abbrev</name>
         <load_address>0x2121</load_address>
         <run_address>0x2121</run_address>
         <size>0x9d</size>
         <input_file_ref idref="fl-45"/>
      </object_component>
      <object_component id="oc-16a">
         <name>.debug_abbrev</name>
         <load_address>0x21be</load_address>
         <run_address>0x21be</run_address>
         <size>0xa4</size>
         <input_file_ref idref="fl-46"/>
      </object_component>
      <object_component id="oc-16f">
         <name>.debug_abbrev</name>
         <load_address>0x2262</load_address>
         <run_address>0x2262</run_address>
         <size>0x31</size>
         <input_file_ref idref="fl-47"/>
      </object_component>
      <object_component id="oc-173">
         <name>.debug_abbrev</name>
         <load_address>0x2293</load_address>
         <run_address>0x2293</run_address>
         <size>0xa8</size>
         <input_file_ref idref="fl-48"/>
      </object_component>
      <object_component id="oc-178">
         <name>.debug_abbrev</name>
         <load_address>0x233b</load_address>
         <run_address>0x233b</run_address>
         <size>0xb6</size>
         <input_file_ref idref="fl-49"/>
      </object_component>
      <object_component id="oc-1dc">
         <name>.debug_abbrev</name>
         <load_address>0x23f1</load_address>
         <run_address>0x23f1</run_address>
         <size>0xf</size>
      </object_component>
      <object_component id="oc-60">
         <name>.debug_frame</name>
         <load_address>0x0</load_address>
         <run_address>0x0</run_address>
         <size>0xf0</size>
         <input_file_ref idref="fl-3"/>
      </object_component>
      <object_component id="oc-67">
         <name>.debug_frame</name>
         <load_address>0xf0</load_address>
         <run_address>0xf0</run_address>
         <size>0x1d8</size>
         <input_file_ref idref="fl-4"/>
      </object_component>
      <object_component id="oc-6c">
         <name>.debug_frame</name>
         <load_address>0x2c8</load_address>
         <run_address>0x2c8</run_address>
         <size>0xa8</size>
         <input_file_ref idref="fl-5"/>
      </object_component>
      <object_component id="oc-78">
         <name>.debug_frame</name>
         <load_address>0x370</load_address>
         <run_address>0x370</run_address>
         <size>0x54</size>
         <input_file_ref idref="fl-7"/>
      </object_component>
      <object_component id="oc-7e">
         <name>.debug_frame</name>
         <load_address>0x3c4</load_address>
         <run_address>0x3c4</run_address>
         <size>0x4e8</size>
         <input_file_ref idref="fl-8"/>
      </object_component>
      <object_component id="oc-83">
         <name>.debug_frame</name>
         <load_address>0x8ac</load_address>
         <run_address>0x8ac</run_address>
         <size>0x20</size>
         <input_file_ref idref="fl-9"/>
      </object_component>
      <object_component id="oc-88">
         <name>.debug_frame</name>
         <load_address>0x8cc</load_address>
         <run_address>0x8cc</run_address>
         <size>0x20</size>
         <input_file_ref idref="fl-a"/>
      </object_component>
      <object_component id="oc-8d">
         <name>.debug_frame</name>
         <load_address>0x8ec</load_address>
         <run_address>0x8ec</run_address>
         <size>0x50</size>
         <input_file_ref idref="fl-b"/>
      </object_component>
      <object_component id="oc-92">
         <name>.debug_frame</name>
         <load_address>0x93c</load_address>
         <run_address>0x93c</run_address>
         <size>0x3c</size>
         <input_file_ref idref="fl-c"/>
      </object_component>
      <object_component id="oc-97">
         <name>.debug_frame</name>
         <load_address>0x978</load_address>
         <run_address>0x978</run_address>
         <size>0x68</size>
         <input_file_ref idref="fl-d"/>
      </object_component>
      <object_component id="oc-9c">
         <name>.debug_frame</name>
         <load_address>0x9e0</load_address>
         <run_address>0x9e0</run_address>
         <size>0x68</size>
         <input_file_ref idref="fl-e"/>
      </object_component>
      <object_component id="oc-a1">
         <name>.debug_frame</name>
         <load_address>0xa48</load_address>
         <run_address>0xa48</run_address>
         <size>0x118</size>
         <input_file_ref idref="fl-f"/>
      </object_component>
      <object_component id="oc-ab">
         <name>.debug_frame</name>
         <load_address>0xb60</load_address>
         <run_address>0xb60</run_address>
         <size>0x7c</size>
         <input_file_ref idref="fl-21"/>
      </object_component>
      <object_component id="oc-ca">
         <name>.debug_frame</name>
         <load_address>0xbdc</load_address>
         <run_address>0xbdc</run_address>
         <size>0x58</size>
         <input_file_ref idref="fl-27"/>
      </object_component>
      <object_component id="oc-cf">
         <name>.debug_frame</name>
         <load_address>0xc34</load_address>
         <run_address>0xc34</run_address>
         <size>0x38</size>
         <input_file_ref idref="fl-28"/>
      </object_component>
      <object_component id="oc-d4">
         <name>.debug_frame</name>
         <load_address>0xc6c</load_address>
         <run_address>0xc6c</run_address>
         <size>0x38</size>
         <input_file_ref idref="fl-29"/>
      </object_component>
      <object_component id="oc-d9">
         <name>.debug_frame</name>
         <load_address>0xca4</load_address>
         <run_address>0xca4</run_address>
         <size>0x38</size>
         <input_file_ref idref="fl-2a"/>
      </object_component>
      <object_component id="oc-e0">
         <name>.debug_frame</name>
         <load_address>0xcdc</load_address>
         <run_address>0xcdc</run_address>
         <size>0x58</size>
         <input_file_ref idref="fl-2b"/>
      </object_component>
      <object_component id="oc-e5">
         <name>.debug_frame</name>
         <load_address>0xd34</load_address>
         <run_address>0xd34</run_address>
         <size>0x68</size>
         <input_file_ref idref="fl-2c"/>
      </object_component>
      <object_component id="oc-ea">
         <name>.debug_frame</name>
         <load_address>0xd9c</load_address>
         <run_address>0xd9c</run_address>
         <size>0x38</size>
         <input_file_ref idref="fl-2d"/>
      </object_component>
      <object_component id="oc-ef">
         <name>.debug_frame</name>
         <load_address>0xdd4</load_address>
         <run_address>0xdd4</run_address>
         <size>0x38</size>
         <input_file_ref idref="fl-2e"/>
      </object_component>
      <object_component id="oc-f6">
         <name>.debug_frame</name>
         <load_address>0xe0c</load_address>
         <run_address>0xe0c</run_address>
         <size>0xe8</size>
         <input_file_ref idref="fl-2f"/>
      </object_component>
      <object_component id="oc-fc">
         <name>.debug_frame</name>
         <load_address>0xef4</load_address>
         <run_address>0xef4</run_address>
         <size>0x20</size>
         <input_file_ref idref="fl-30"/>
      </object_component>
      <object_component id="oc-102">
         <name>.debug_frame</name>
         <load_address>0xf14</load_address>
         <run_address>0xf14</run_address>
         <size>0x20</size>
         <input_file_ref idref="fl-31"/>
      </object_component>
      <object_component id="oc-14d">
         <name>.debug_frame</name>
         <load_address>0xf34</load_address>
         <run_address>0xf34</run_address>
         <size>0x20</size>
         <input_file_ref idref="fl-40"/>
      </object_component>
      <object_component id="oc-152">
         <name>.debug_frame</name>
         <load_address>0xf54</load_address>
         <run_address>0xf54</run_address>
         <size>0x20</size>
         <input_file_ref idref="fl-41"/>
      </object_component>
      <object_component id="oc-159">
         <name>.debug_frame</name>
         <load_address>0xf74</load_address>
         <run_address>0xf74</run_address>
         <size>0x38</size>
         <input_file_ref idref="fl-43"/>
      </object_component>
      <object_component id="oc-15e">
         <name>.debug_frame</name>
         <load_address>0xfac</load_address>
         <run_address>0xfac</run_address>
         <size>0x38</size>
         <input_file_ref idref="fl-44"/>
      </object_component>
      <object_component id="oc-163">
         <name>.debug_frame</name>
         <load_address>0xfe4</load_address>
         <run_address>0xfe4</run_address>
         <size>0x20</size>
         <input_file_ref idref="fl-45"/>
      </object_component>
      <object_component id="oc-168">
         <name>.debug_frame</name>
         <load_address>0x1004</load_address>
         <run_address>0x1004</run_address>
         <size>0x38</size>
         <input_file_ref idref="fl-46"/>
      </object_component>
      <object_component id="oc-171">
         <name>.debug_frame</name>
         <load_address>0x103c</load_address>
         <run_address>0x103c</run_address>
         <size>0x20</size>
         <input_file_ref idref="fl-48"/>
      </object_component>
      <object_component id="oc-176">
         <name>.debug_frame</name>
         <load_address>0x105c</load_address>
         <run_address>0x105c</run_address>
         <size>0x20</size>
         <input_file_ref idref="fl-49"/>
      </object_component>
      <object_component id="oc-61">
         <name>.debug_line</name>
         <load_address>0x0</load_address>
         <run_address>0x0</run_address>
         <size>0x1ba</size>
         <input_file_ref idref="fl-3"/>
      </object_component>
      <object_component id="oc-68">
         <name>.debug_line</name>
         <load_address>0x1ba</load_address>
         <run_address>0x1ba</run_address>
         <size>0x235</size>
         <input_file_ref idref="fl-4"/>
      </object_component>
      <object_component id="oc-6d">
         <name>.debug_line</name>
         <load_address>0x3ef</load_address>
         <run_address>0x3ef</run_address>
         <size>0x1fa</size>
         <input_file_ref idref="fl-5"/>
      </object_component>
      <object_component id="oc-72">
         <name>.debug_line</name>
         <load_address>0x5e9</load_address>
         <run_address>0x5e9</run_address>
         <size>0x62</size>
         <input_file_ref idref="fl-6"/>
      </object_component>
      <object_component id="oc-79">
         <name>.debug_line</name>
         <load_address>0x64b</load_address>
         <run_address>0x64b</run_address>
         <size>0x87</size>
         <input_file_ref idref="fl-7"/>
      </object_component>
      <object_component id="oc-7f">
         <name>.debug_line</name>
         <load_address>0x6d2</load_address>
         <run_address>0x6d2</run_address>
         <size>0x4c9</size>
         <input_file_ref idref="fl-8"/>
      </object_component>
      <object_component id="oc-84">
         <name>.debug_line</name>
         <load_address>0xb9b</load_address>
         <run_address>0xb9b</run_address>
         <size>0x31</size>
         <input_file_ref idref="fl-9"/>
      </object_component>
      <object_component id="oc-89">
         <name>.debug_line</name>
         <load_address>0xbcc</load_address>
         <run_address>0xbcc</run_address>
         <size>0x31</size>
         <input_file_ref idref="fl-a"/>
      </object_component>
      <object_component id="oc-8e">
         <name>.debug_line</name>
         <load_address>0xbfd</load_address>
         <run_address>0xbfd</run_address>
         <size>0x80</size>
         <input_file_ref idref="fl-b"/>
      </object_component>
      <object_component id="oc-93">
         <name>.debug_line</name>
         <load_address>0xc7d</load_address>
         <run_address>0xc7d</run_address>
         <size>0x68</size>
         <input_file_ref idref="fl-c"/>
      </object_component>
      <object_component id="oc-98">
         <name>.debug_line</name>
         <load_address>0xce5</load_address>
         <run_address>0xce5</run_address>
         <size>0x7b</size>
         <input_file_ref idref="fl-d"/>
      </object_component>
      <object_component id="oc-9d">
         <name>.debug_line</name>
         <load_address>0xd60</load_address>
         <run_address>0xd60</run_address>
         <size>0x92</size>
         <input_file_ref idref="fl-e"/>
      </object_component>
      <object_component id="oc-a2">
         <name>.debug_line</name>
         <load_address>0xdf2</load_address>
         <run_address>0xdf2</run_address>
         <size>0x1bb</size>
         <input_file_ref idref="fl-f"/>
      </object_component>
      <object_component id="oc-a6">
         <name>.debug_line</name>
         <load_address>0xfad</load_address>
         <run_address>0xfad</run_address>
         <size>0x49</size>
[...]
         <name>_InitCpuTimers</name>
         <value>0x3f6cf2</value>
         <object_component_ref idref="oc-18f"/>
      </symbol>
      <symbol id="sm-1a8">
         <name>_ConfigCpuTimer</name>
         <value>0x3f6d33</value>
         <object_component_ref idref="oc-18f"/>
      </symbol>
      <symbol id="sm-1e7">
         <name>_ILLEGAL_ISR</name>
         <value>0x3f698d</value>
         <object_component_ref idref="oc-7d"/>
      </symbol>
      <symbol id="sm-1e9">
         <name>_ADCINT4_ISR</name>
         <value>0x3f6a41</value>
         <object_component_ref idref="oc-7d"/>
      </symbol>
      <symbol id="sm-1eb">
         <name>_DATALOG_ISR</name>
         <value>0x3f6979</value>
         <object_component_ref idref="oc-7d"/>
      </symbol>
      <symbol id="sm-1ed">
         <name>_SPITXINTA_ISR</name>
         <value>0x3f6a23</value>
         <object_component_ref idref="oc-7d"/>
      </symbol>
      <symbol id="sm-1ef">
         <name>_SPIRXINTA_ISR</name>
         <value>0x3f6a1e</value>
         <object_component_ref idref="oc-7d"/>
      </symbol>
      <symbol id="sm-1f1">
         <name>_INT13_ISR</name>
         <value>0x3f696f</value>
         <object_component_ref idref="oc-7d"/>
      </symbol>
      <symbol id="sm-1f3">
         <name>_ADCINT5_ISR</name>
         <value>0x3f6a46</value>
         <object_component_ref idref="oc-7d"/>
      </symbol>
      <symbol id="sm-1f5">
         <name>_EPWM4_INT_ISR</name>
         <value>0x3f6a14</value>
         <object_component_ref idref="oc-7d"/>
      </symbol>
      <symbol id="sm-1f7">
         <name>_USER5_ISR</name>
         <value>0x3f69a6</value>
         <object_component_ref idref="oc-7d"/>
      </symbol>
      <symbol id="sm-1f9">
         <name>_EMPTY_ISR</name>
         <value>0x3f6a5f</value>
         <object_component_ref idref="oc-7d"/>
      </symbol>
      <symbol id="sm-1fb">
         <name>_EPWM4_TZINT_ISR</name>
         <value>0x3f6a00</value>
         <object_component_ref idref="oc-7d"/>
      </symbol>
      <symbol id="sm-1fd">
         <name>_EMUINT_ISR</name>
         <value>0x3f6983</value>
         <object_component_ref idref="oc-7d"/>
      </symbol>
      <symbol id="sm-1ff">
         <name>_ECAP1_INT_ISR</name>
         <value>0x3f6a19</value>
         <object_component_ref idref="oc-7d"/>
      </symbol>
      <symbol id="sm-201">
         <name>_EPWM1_TZINT_ISR</name>
         <value>0x3f69f1</value>
         <object_component_ref idref="oc-7d"/>
      </symbol>
      <symbol id="sm-203">
         <name>_ADCINT6_ISR</name>
         <value>0x3f6a4b</value>
         <object_component_ref idref="oc-7d"/>
      </symbol>
      <symbol id="sm-205">
         <name>_ADCINT8_ISR</name>
         <value>0x3f6a55</value>
         <object_component_ref idref="oc-7d"/>
      </symbol>
      <symbol id="sm-207">
         <name>_USER11_ISR</name>
         <value>0x3f69c4</value>
         <object_component_ref idref="oc-7d"/>
      </symbol>
      <symbol id="sm-209">
         <name>_EPWM3_TZINT_ISR</name>
         <value>0x3f69fb</value>
         <object_component_ref idref="oc-7d"/>
      </symbol>
      <symbol id="sm-20b">
         <name>_USER4_ISR</name>
         <value>0x3f69a1</value>
         <object_component_ref idref="oc-7d"/>
      </symbol>
      <symbol id="sm-20d">
         <name>_EPWM2_TZINT_ISR</name>
         <value>0x3f69f6</value>
         <object_component_ref idref="oc-7d"/>
      </symbol>
      <symbol id="sm-20f">
         <name>_EPWM2_INT_ISR</name>
         <value>0x3f6a0a</value>
         <object_component_ref idref="oc-7d"/>
      </symbol>
      <symbol id="sm-211">
         <name>_TINT0_ISR</name>
         <value>0x3f69e7</value>
         <object_component_ref idref="oc-7d"/>
      </symbol>
      <symbol id="sm-213">
         <name>_WAKEINT_ISR</name>
         <value>0x3f69ec</value>
         <object_component_ref idref="oc-7d"/>
      </symbol>
      <symbol id="sm-215">
         <name>_ADCINT7_ISR</name>
         <value>0x3f6a50</value>
         <object_component_ref idref="oc-7d"/>
      </symbol>
      <symbol id="sm-217">
         <name>_ADCINT9_ISR</name>
         <value>0x3f69e2</value>
         <object_component_ref idref="oc-7d"/>
      </symbol>
      <symbol id="sm-219">
         <name>_USER10_ISR</name>
         <value>0x3f69bf</value>
         <object_component_ref idref="oc-7d"/>
      </symbol>
      <symbol id="sm-21b">
         <name>_USER7_ISR</name>
         <value>0x3f69b0</value>
         <object_component_ref idref="oc-7d"/>
      </symbol>
      <symbol id="sm-21d">
         <name>_XINT1_ISR</name>
         <value>0x3f69d8</value>
         <object_component_ref idref="oc-7d"/>
      </symbol>
      <symbol id="sm-21f">
         <name>_INT14_ISR</name>
         <value>0x3f6974</value>
         <object_component_ref idref="oc-7d"/>
      </symbol>
      <symbol id="sm-221">
         <name>_USER6_ISR</name>
         <value>0x3f69ab</value>
         <object_component_ref idref="oc-7d"/>
      </symbol>
      <symbol id="sm-223">
         <name>_ADCINT1_ISR</name>
         <value>0x3f69ce</value>
         <object_component_ref idref="oc-7d"/>
      </symbol>
      <symbol id="sm-225">
         <name>_USER12_ISR</name>
         <value>0x3f69c9</value>
         <object_component_ref idref="oc-7d"/>
      </symbol>
      <symbol id="sm-227">
         <name>_USER1_ISR</name>
         <value>0x3f6992</value>
         <object_component_ref idref="oc-7d"/>
      </symbol>
      <symbol id="sm-229">
         <name>_XINT3_ISR</name>
         <value>0x3f6a5a</value>
         <object_component_ref idref="oc-7d"/>
      </symbol>
      <symbol id="sm-22b">
         <name>_NMI_ISR</name>
         <value>0x3f6988</value>
         <object_component_ref idref="oc-7d"/>
      </symbol>
      <symbol id="sm-22d">
         <name>_ADCINT2_ISR</name>
         <value>0x3f69d3</value>
         <object_component_ref idref="oc-7d"/>
      </symbol>
      <symbol id="sm-22f">
         <name>_PIE_RESERVED</name>
         <value>0x3f6a64</value>
         <object_component_ref idref="oc-7d"/>
      </symbol>
      <symbol id="sm-231">
         <name>_I2CINT1A_ISR</name>
         <value>0x3f6a28</value>
         <object_component_ref idref="oc-7d"/>
      </symbol>
      <symbol id="sm-233">
         <name>_XINT2_ISR</name>
         <value>0x3f69dd</value>
         <object_component_ref idref="oc-7d"/>
      </symbol>
      <symbol id="sm-235">
         <name>_I2CINT2A_ISR</name>
         <value>0x3f6a2d</value>
         <object_component_ref idref="oc-7d"/>
      </symbol>
      <symbol id="sm-237">
         <name>_RTOSINT_ISR</name>
         <value>0x3f697e</value>
         <object_component_ref idref="oc-7d"/>
      </symbol>
      <symbol id="sm-239">
         <name>_EPWM3_INT_ISR</name>
         <value>0x3f6a0f</value>
         <object_component_ref idref="oc-7d"/>
      </symbol>
      <symbol id="sm-23b">
         <name>_ADCINT3_ISR</name>
         <value>0x3f6a3c</value>
         <object_component_ref idref="oc-7d"/>
      </symbol>
      <symbol id="sm-23d">
         <name>_USER9_ISR</name>
         <value>0x3f69ba</value>
         <object_component_ref idref="oc-7d"/>
      </symbol>
      <symbol id="sm-23f">
         <name>_USER3_ISR</name>
         <value>0x3f699c</value>
         <object_component_ref idref="oc-7d"/>
      </symbol>
      <symbol id="sm-241">
         <name>_USER8_ISR</name>
         <value>0x3f69b5</value>
         <object_component_ref idref="oc-7d"/>
      </symbol>
      <symbol id="sm-243">
         <name>_EPWM1_INT_ISR</name>
         <value>0x3f6a05</value>
         <object_component_ref idref="oc-7d"/>
      </symbol>
      <symbol id="sm-245">
         <name>_USER2_ISR</name>
         <value>0x3f6997</value>
         <object_component_ref idref="oc-7d"/>
      </symbol>
      <symbol id="sm-247">
         <name>_SCITXINTA_ISR</name>
         <value>0x3f6a37</value>
         <object_component_ref idref="oc-7d"/>
      </symbol>
      <symbol id="sm-249">
         <name>_SCIRXINTA_ISR</name>
         <value>0x3f6a32</value>
         <object_component_ref idref="oc-7d"/>
      </symbol>
      <symbol id="sm-24b">
         <name>_rsvd_ISR</name>
         <value>0x3f6a69</value>
         <object_component_ref idref="oc-7d"/>
      </symbol>
      <symbol id="sm-26a">
         <name>_InitPieCtrl</name>
         <value>0x3f6f2a</value>
         <object_component_ref idref="oc-18d"/>
      </symbol>
      <symbol id="sm-26c">
         <name>_EnableInterrupts</name>
         <value>0x3f6f49</value>
         <object_component_ref idref="oc-18d"/>
      </symbol>
      <symbol id="sm-27d">
         <name>_PieVectTableInit</name>
         <value>0x3f710a</value>
         <object_component_ref idref="oc-195"/>
      </symbol>
      <symbol id="sm-27e">
         <name>_InitPieVectTable</name>
         <value>0x3f6f52</value>
         <object_component_ref idref="oc-18e"/>
      </symbol>
      <symbol id="sm-28b">
         <name>_InitSciaGpio</name>
         <value>0x3f7070</value>
         <object_component_ref idref="oc-189"/>
      </symbol>
      <symbol id="sm-28d">
         <name>_InitSciGpio</name>
         <value>0x3f706d</value>
         <object_component_ref idref="oc-189"/>
      </symbol>
      <symbol id="sm-28f">
         <name>_InitSci</name>
         <value>0x3f706c</value>
         <object_component_ref idref="oc-189"/>
      </symbol>
      <symbol id="sm-29c">
         <name>_InitSpiaGpio</name>
         <value>0x3f6e2f</value>
         <object_component_ref idref="oc-190"/>
      </symbol>
      <symbol id="sm-29e">
         <name>_InitSpiGpio</name>
         <value>0x3f6e2c</value>
         <object_component_ref idref="oc-190"/>
      </symbol>
      <symbol id="sm-2a0">
         <name>_InitSpi</name>
         <value>0x3f6e13</value>
         <object_component_ref idref="oc-190"/>
      </symbol>
      <symbol id="sm-2b6">
         <name>_InitPll</name>
         <value>0x3f675a</value>
         <object_component_ref idref="oc-18c"/>
      </symbol>
      <symbol id="sm-2b8">
         <name>_IntOsc1Sel</name>
         <value>0x3f6812</value>
         <object_component_ref idref="oc-18c"/>
      </symbol>
      <symbol id="sm-2ba">
         <name>_ExtOscSel</name>
         <value>0x3f6852</value>
         <object_component_ref idref="oc-18c"/>
      </symbol>
      <symbol id="sm-2bc">
         <name>_DisableDog</name>
         <value>0x3f6752</value>
         <object_component_ref idref="oc-18c"/>
      </symbol>
      <symbol id="sm-2be">
         <name>_InitPeripheralClocks</name>
         <value>0x3f67af</value>
         <object_component_ref idref="oc-18c"/>
      </symbol>
      <symbol id="sm-2c0">
         <name>_IntOsc2Sel</name>
         <value>0x3f6822</value>
         <object_component_ref idref="oc-18c"/>
      </symbol>
      <symbol id="sm-2c2">
         <name>_CsmUnlock</name>
         <value>0x3f67e1</value>
         <object_component_ref idref="oc-18c"/>
      </symbol>
      <symbol id="sm-2c4">
         <name>_ServiceDog</name>
         <value>0x3f6748</value>
         <object_component_ref idref="oc-18c"/>
      </symbol>
      <symbol id="sm-2c6">
         <name>_XtalOscSel</name>
         <value>0x3f6836</value>
         <object_component_ref idref="oc-18c"/>
      </symbol>
      <symbol id="sm-2c8">
         <name>_InitSysCtrl</name>
         <value>0x3f672e</value>
         <object_component_ref idref="oc-18c"/>
      </symbol>
      <symbol id="sm-2d5">
         <name>_DSP28x_usDelay</name>
         <value>0x80da</value>
         <object_component_ref idref="oc-a5"/>
      </symbol>
      <symbol id="sm-2e3">
         <name>_vsprintf</name>
         <value>0x3f6e55</value>
         <object_component_ref idref="oc-18a"/>
      </symbol>
      <symbol id="sm-2ff">
         <name>_c_int00</name>
         <value>0x3f6dbf</value>
         <object_component_ref idref="oc-38"/>
      </symbol>
      <symbol id="sm-300">
         <name>__stack</name>
         <value>0x50</value>
         <object_component_ref idref="oc-af"/>
      </symbol>
      <symbol id="sm-311">
         <name>FS$$MPY</name>
         <value>0x3f6d65</value>
         <object_component_ref idref="oc-b5"/>
      </symbol>
      <symbol id="sm-324">
         <name>FS$$TOL</name>
         <value>0x3f6f01</value>
         <object_component_ref idref="oc-ba"/>
      </symbol>
      <symbol id="sm-330">
         <name>U$$MOD</name>
         <value>0x3f70d2</value>
         <object_component_ref idref="oc-bf"/>
      </symbol>
      <symbol id="sm-331">
         <name>U$$DIV</name>
         <value>0x3f70cd</value>
         <object_component_ref idref="oc-bf"/>
      </symbol>
      <symbol id="sm-33d">
         <name>UL$$MOD</name>
         <value>0x3f6ed2</value>
         <object_component_ref idref="oc-c4"/>
      </symbol>
      <symbol id="sm-33e">
         <name>L$$MOD</name>
         <value>0x3f6ebd</value>
         <object_component_ref idref="oc-c4"/>
      </symbol>
      <symbol id="sm-33f">
         <name>L$$DIV</name>
         <value>0x3f6eae</value>
         <object_component_ref idref="oc-c4"/>
      </symbol>
      <symbol id="sm-340">
         <name>UL$$DIV</name>
         <value>0x3f6ecb</value>
         <object_component_ref idref="oc-c4"/>
      </symbol>
      <symbol id="sm-34f">
         <name>_copy_in</name>
         <value>0x3f6f78</value>
         <object_component_ref idref="oc-17b"/>
      </symbol>
      <symbol id="sm-361">
         <name>_memcpy</name>
         <value>0x3f7017</value>
         <object_component_ref idref="oc-185"/>
      </symbol>
      <symbol id="sm-36e">
         <name>__system_pre_init</name>
         <value>0x3f7106</value>
         <object_component_ref idref="oc-17a"/>
      </symbol>
      <symbol id="sm-37c">
         <name>__system_post_cinit</name>
         <value>0x3f7108</value>
         <object_component_ref idref="oc-17c"/>
      </symbol>
      <symbol id="sm-391">
         <name>C$$EXIT</name>
         <value>0x3f6ed8</value>
         <object_component_ref idref="oc-17e"/>
      </symbol>
      <symbol id="sm-392">
         <name>_exit</name>
         <value>0x3f6eda</value>
         <object_component_ref idref="oc-17e"/>
      </symbol>
      <symbol id="sm-394">
         <name>___TI_cleanup_ptr</name>
         <value>0x27c</value>
         <object_component_ref idref="oc-df"/>
      </symbol>
      <symbol id="sm-395">
         <name>___TI_enable_exit_profile_output</name>
         <value>0x27a</value>
         <object_component_ref idref="oc-df"/>
      </symbol>
      <symbol id="sm-396">
         <name>_abort</name>
         <value>0x3f6ed8</value>
         <object_component_ref idref="oc-17e"/>
      </symbol>
      <symbol id="sm-398">
         <name>___TI_dtors_ptr</name>
         <value>0x27e</value>
         <object_component_ref idref="oc-df"/>
      </symbol>
      <symbol id="sm-3ac">
         <name>__unlock</name>
         <value>0x2fc</value>
         <object_component_ref idref="oc-196"/>
      </symbol>
      <symbol id="sm-3ad">
         <name>__lock</name>
         <value>0x2fa</value>
         <object_component_ref idref="oc-187"/>
      </symbol>
      <symbol id="sm-3ae">
         <name>__register_lock</name>
         <value>0x3f70dc</value>
         <object_component_ref idref="oc-192"/>
      </symbol>
      <symbol id="sm-3b0">
         <name>__nop</name>
         <value>0x3f70e0</value>
         <object_component_ref idref="oc-192"/>
      </symbol>
      <symbol id="sm-3b2">
         <name>__register_unlock</name>
         <value>0x3f70d8</value>
         <object_component_ref idref="oc-192"/>
      </symbol>
      <symbol id="sm-3c2">
         <name>__args_main</name>
         <value>0x3f709e</value>
         <object_component_ref idref="oc-17d"/>
      </symbol>
      <symbol id="sm-3d0">
         <name>_strlen</name>
         <value>0x3f70f2</value>
         <object_component_ref idref="oc-18b"/>
      </symbol>
      <symbol id="sm-415">
         <name>___TI_printfi_minimal</name>
         <value>0x3f651b</value>
         <object_component_ref idref="oc-194"/>
      </symbol>
      <symbol id="sm-450">
         <name>FD$$ADD</name>
         <value>0x3f6b48</value>
         <object_component_ref idref="oc-106"/>
      </symbol>
      <symbol id="sm-460">
         <name>FD$$CMP</name>
         <value>0x3f6e84</value>
         <object_component_ref idref="oc-10b"/>
      </symbol>
      <symbol id="sm-472">
         <name>FD$$MPY</name>
         <value>0x3f6c6f</value>
         <object_component_ref idref="oc-110"/>
      </symbol>
      <symbol id="sm-47f">
         <name>FD$$NEG</name>
         <value>0x3f70e1</value>
         <object_component_ref idref="oc-115"/>
      </symbol>
      <symbol id="sm-48b">
         <name>FD$$SUB</name>
         <value>0x3f70bf</value>
         <object_component_ref idref="oc-11a"/>
      </symbol>
      <symbol id="sm-49a">
         <name>FD$$TOI</name>
         <value>0x3f6f9c</value>
         <object_component_ref idref="oc-11f"/>
      </symbol>
      <symbol id="sm-4a9">
         <name>FD$$TOL</name>
         <value>0x3f6fbd</value>
         <object_component_ref idref="oc-124"/>
      </symbol>
      <symbol id="sm-4b5">
         <name>LL$$AND</name>
         <value>0x3f7086</value>
         <object_component_ref idref="oc-129"/>
      </symbol>
      <symbol id="sm-4b6">
         <name>LL$$OR</name>
         <value>0x3f708e</value>
         <object_component_ref idref="oc-129"/>
      </symbol>
      <symbol id="sm-4b7">
         <name>LL$$XOR</name>
         <value>0x3f7096</value>
         <object_component_ref idref="oc-129"/>
      </symbol>
      <symbol id="sm-4c5">
         <name>ULL$$CMP</name>
         <value>0x3f6fee</value>
         <object_component_ref idref="oc-12e"/>
      </symbol>
      <symbol id="sm-4c6">
         <name>LL$$CMP</name>
         <value>0x3f6fdc</value>
         <object_component_ref idref="oc-12e"/>
      </symbol>
      <symbol id="sm-4f2">
         <name>ULL$$MOD</name>
         <value>0x3f690d</value>
         <object_component_ref idref="oc-133"/>
      </symbol>
      <symbol id="sm-4f3">
         <name>ULL$$DIV</name>
         <value>0x3f68de</value>
         <object_component_ref idref="oc-133"/>
      </symbol>
      <symbol id="sm-4f4">
         <name>LL$$MOD</name>
         <value>0x3f68a4</value>
         <object_component_ref idref="oc-133"/>
      </symbol>
      <symbol id="sm-4f5">
         <name>LL$$DIV</name>
         <value>0x3f6868</value>
         <object_component_ref idref="oc-133"/>
      </symbol>
      <symbol id="sm-505">
         <name>I$$TOFD</name>
         <value>0x3f6ffa</value>
         <object_component_ref idref="oc-138"/>
      </symbol>
      <symbol id="sm-515">
         <name>L$$TOFD</name>
         <value>0x3f7050</value>
         <object_component_ref idref="oc-13d"/>
      </symbol>
      <symbol id="sm-525">
         <name>FS$$TOFD</name>
         <value>0x3f7034</value>
         <object_component_ref idref="oc-142"/>
      </symbol>
      <symbol id="sm-53c">
         <name>FD$$DIV</name>
         <value>0x3f6be4</value>
         <object_component_ref idref="oc-147"/>
      </symbol>
      <symbol id="sm-562">
         <name>_memccpy</name>
         <value>0x3f70af</value>
         <object_component_ref idref="oc-199"/>
      </symbol>
      <symbol id="sm-571">
         <name>_memset</name>
         <value>0x3f70fa</value>
         <object_component_ref idref="oc-197"/>
      </symbol>
      <symbol id="sm-588">
         <name>_strcpy</name>
         <value>0x3f7101</value>
         <object_component_ref idref="oc-198"/>
      </symbol>
      <symbol id="sm-593">
         <name>_errno</name>
         <value>0x2fe</value>
         <object_component_ref idref="oc-16e"/>
      </symbol>
   </symbol_table>
   <title>Link successful</title>
</link_info>
